Archive member included to satisfy reference by file (symbol)

c:/program files (x86)/atmel/studio/7.0/toolchain/avr8/avr8-gnu-toolchain/bin/../lib/gcc/avr/5.4.0/../../../../avr/lib/avr5\libm.a(addsf3.o)
                              MCAL/pwm/pwm_program.o (__subsf3)
c:/program files (x86)/atmel/studio/7.0/toolchain/avr8/avr8-gnu-toolchain/bin/../lib/gcc/avr/5.4.0/../../../../avr/lib/avr5\libm.a(addsf3x.o)
                              c:/program files (x86)/atmel/studio/7.0/toolchain/avr8/avr8-gnu-toolchain/bin/../lib/gcc/avr/5.4.0/../../../../avr/lib/avr5\libm.a(addsf3.o) (__addsf3x)
c:/program files (x86)/atmel/studio/7.0/toolchain/avr8/avr8-gnu-toolchain/bin/../lib/gcc/avr/5.4.0/../../../../avr/lib/avr5\libm.a(ceil.o)
                              MCAL/tmr0/tmr0_interface.o (ceil)
c:/program files (x86)/atmel/studio/7.0/toolchain/avr8/avr8-gnu-toolchain/bin/../lib/gcc/avr/5.4.0/../../../../avr/lib/avr5\libm.a(cmpsf2.o)
                              MCAL/tmr0/tmr0_interface.o (__ltsf2)
c:/program files (x86)/atmel/studio/7.0/toolchain/avr8/avr8-gnu-toolchain/bin/../lib/gcc/avr/5.4.0/../../../../avr/lib/avr5\libm.a(divsf3.o)
                              MCAL/pwm/pwm_program.o (__divsf3)
c:/program files (x86)/atmel/studio/7.0/toolchain/avr8/avr8-gnu-toolchain/bin/../lib/gcc/avr/5.4.0/../../../../avr/lib/avr5\libm.a(divsf3x.o)
                              c:/program files (x86)/atmel/studio/7.0/toolchain/avr8/avr8-gnu-toolchain/bin/../lib/gcc/avr/5.4.0/../../../../avr/lib/avr5\libm.a(divsf3.o) (__divsf3x)
c:/program files (x86)/atmel/studio/7.0/toolchain/avr8/avr8-gnu-toolchain/bin/../lib/gcc/avr/5.4.0/../../../../avr/lib/avr5\libm.a(fixunssfsi.o)
                              HAL/lcd/lcd_program.o (__fixunssfsi)
c:/program files (x86)/atmel/studio/7.0/toolchain/avr8/avr8-gnu-toolchain/bin/../lib/gcc/avr/5.4.0/../../../../avr/lib/avr5\libm.a(floatsisf.o)
                              MCAL/pwm/pwm_program.o (__floatsisf)
c:/program files (x86)/atmel/studio/7.0/toolchain/avr8/avr8-gnu-toolchain/bin/../lib/gcc/avr/5.4.0/../../../../avr/lib/avr5\libm.a(fp_cmp.o)
                              c:/program files (x86)/atmel/studio/7.0/toolchain/avr8/avr8-gnu-toolchain/bin/../lib/gcc/avr/5.4.0/../../../../avr/lib/avr5\libm.a(cmpsf2.o) (__fp_cmp)
c:/program files (x86)/atmel/studio/7.0/toolchain/avr8/avr8-gnu-toolchain/bin/../lib/gcc/avr/5.4.0/../../../../avr/lib/avr5\libm.a(fp_inf.o)
                              c:/program files (x86)/atmel/studio/7.0/toolchain/avr8/avr8-gnu-toolchain/bin/../lib/gcc/avr/5.4.0/../../../../avr/lib/avr5\libm.a(addsf3x.o) (__fp_inf)
c:/program files (x86)/atmel/studio/7.0/toolchain/avr8/avr8-gnu-toolchain/bin/../lib/gcc/avr/5.4.0/../../../../avr/lib/avr5\libm.a(fp_mintl.o)
                              c:/program files (x86)/atmel/studio/7.0/toolchain/avr8/avr8-gnu-toolchain/bin/../lib/gcc/avr/5.4.0/../../../../avr/lib/avr5\libm.a(ceil.o) (__fp_mintl)
c:/program files (x86)/atmel/studio/7.0/toolchain/avr8/avr8-gnu-toolchain/bin/../lib/gcc/avr/5.4.0/../../../../avr/lib/avr5\libm.a(fp_mpack.o)
                              c:/program files (x86)/atmel/studio/7.0/toolchain/avr8/avr8-gnu-toolchain/bin/../lib/gcc/avr/5.4.0/../../../../avr/lib/avr5\libm.a(ceil.o) (__fp_mpack)
c:/program files (x86)/atmel/studio/7.0/toolchain/avr8/avr8-gnu-toolchain/bin/../lib/gcc/avr/5.4.0/../../../../avr/lib/avr5\libm.a(fp_nan.o)
                              c:/program files (x86)/atmel/studio/7.0/toolchain/avr8/avr8-gnu-toolchain/bin/../lib/gcc/avr/5.4.0/../../../../avr/lib/avr5\libm.a(addsf3x.o) (__fp_nan)
c:/program files (x86)/atmel/studio/7.0/toolchain/avr8/avr8-gnu-toolchain/bin/../lib/gcc/avr/5.4.0/../../../../avr/lib/avr5\libm.a(fp_pscA.o)
                              c:/program files (x86)/atmel/studio/7.0/toolchain/avr8/avr8-gnu-toolchain/bin/../lib/gcc/avr/5.4.0/../../../../avr/lib/avr5\libm.a(addsf3x.o) (__fp_pscA)
c:/program files (x86)/atmel/studio/7.0/toolchain/avr8/avr8-gnu-toolchain/bin/../lib/gcc/avr/5.4.0/../../../../avr/lib/avr5\libm.a(fp_pscB.o)
                              c:/program files (x86)/atmel/studio/7.0/toolchain/avr8/avr8-gnu-toolchain/bin/../lib/gcc/avr/5.4.0/../../../../avr/lib/avr5\libm.a(addsf3x.o) (__fp_pscB)
c:/program files (x86)/atmel/studio/7.0/toolchain/avr8/avr8-gnu-toolchain/bin/../lib/gcc/avr/5.4.0/../../../../avr/lib/avr5\libm.a(fp_round.o)
                              c:/program files (x86)/atmel/studio/7.0/toolchain/avr8/avr8-gnu-toolchain/bin/../lib/gcc/avr/5.4.0/../../../../avr/lib/avr5\libm.a(addsf3.o) (__fp_round)
c:/program files (x86)/atmel/studio/7.0/toolchain/avr8/avr8-gnu-toolchain/bin/../lib/gcc/avr/5.4.0/../../../../avr/lib/avr5\libm.a(fp_split3.o)
                              c:/program files (x86)/atmel/studio/7.0/toolchain/avr8/avr8-gnu-toolchain/bin/../lib/gcc/avr/5.4.0/../../../../avr/lib/avr5\libm.a(addsf3x.o) (__fp_split3)
c:/program files (x86)/atmel/studio/7.0/toolchain/avr8/avr8-gnu-toolchain/bin/../lib/gcc/avr/5.4.0/../../../../avr/lib/avr5\libm.a(fp_trunc.o)
                              c:/program files (x86)/atmel/studio/7.0/toolchain/avr8/avr8-gnu-toolchain/bin/../lib/gcc/avr/5.4.0/../../../../avr/lib/avr5\libm.a(ceil.o) (__fp_trunc)
c:/program files (x86)/atmel/studio/7.0/toolchain/avr8/avr8-gnu-toolchain/bin/../lib/gcc/avr/5.4.0/../../../../avr/lib/avr5\libm.a(fp_zero.o)
                              c:/program files (x86)/atmel/studio/7.0/toolchain/avr8/avr8-gnu-toolchain/bin/../lib/gcc/avr/5.4.0/../../../../avr/lib/avr5\libm.a(addsf3x.o) (__fp_zero)
c:/program files (x86)/atmel/studio/7.0/toolchain/avr8/avr8-gnu-toolchain/bin/../lib/gcc/avr/5.4.0/../../../../avr/lib/avr5\libm.a(mulsf3.o)
                              HAL/lcd/lcd_program.o (__mulsf3)
c:/program files (x86)/atmel/studio/7.0/toolchain/avr8/avr8-gnu-toolchain/bin/../lib/gcc/avr/5.4.0/../../../../avr/lib/avr5\libm.a(mulsf3x.o)
                              c:/program files (x86)/atmel/studio/7.0/toolchain/avr8/avr8-gnu-toolchain/bin/../lib/gcc/avr/5.4.0/../../../../avr/lib/avr5\libm.a(mulsf3.o) (__mulsf3x)
c:/program files (x86)/atmel/studio/7.0/toolchain/avr8/avr8-gnu-toolchain/bin/../lib/gcc/avr/5.4.0/avr5\libgcc.a(_udivmodsi4.o)
                              HAL/lcd/lcd_program.o (__udivmodsi4)
c:/program files (x86)/atmel/studio/7.0/toolchain/avr8/avr8-gnu-toolchain/bin/../lib/gcc/avr/5.4.0/avr5\libgcc.a(_exit.o)
                              C:/Program Files (x86)/Atmel/Studio/7.0/Packs/Atmel/ATmega_DFP/2.0.401/gcc/dev/atmega32a/avr5/crtatmega32a.o (exit)
c:/program files (x86)/atmel/studio/7.0/toolchain/avr8/avr8-gnu-toolchain/bin/../lib/gcc/avr/5.4.0/avr5\libgcc.a(_copy_data.o)
                              APP/app_program.o (__do_copy_data)
c:/program files (x86)/atmel/studio/7.0/toolchain/avr8/avr8-gnu-toolchain/bin/../lib/gcc/avr/5.4.0/avr5\libgcc.a(_clear_bss.o)
                              HAL/icu/icu_interface.o (__do_clear_bss)
c:/program files (x86)/atmel/studio/7.0/toolchain/avr8/avr8-gnu-toolchain/bin/../lib/gcc/avr/5.4.0/avr5\libgcc.a(_umulhisi3.o)
                              HAL/us/us_interface.o (__umulhisi3)

Allocating common symbols
Common symbol       size              file

g_Ton_prescale      0x2               MCAL/tmr2/tmr2_interface.o
g_Toff_prescale     0x2               MCAL/tmr2/tmr2_interface.o
g_Ton_initValue     0x1               MCAL/tmr2/tmr2_interface.o
g_period_time       0x4               MCAL/tmr2/tmr2_interface.o
g_Toff_initValue    0x1               MCAL/tmr2/tmr2_interface.o
g_pin               0x1               MCAL/tmr2/tmr2_interface.o
g_port              0x1               MCAL/tmr2/tmr2_interface.o

Discarded input sections

 .data          0x00000000        0x0 C:/Program Files (x86)/Atmel/Studio/7.0/Packs/Atmel/ATmega_DFP/2.0.401/gcc/dev/atmega32a/avr5/crtatmega32a.o
 .bss           0x00000000        0x0 C:/Program Files (x86)/Atmel/Studio/7.0/Packs/Atmel/ATmega_DFP/2.0.401/gcc/dev/atmega32a/avr5/crtatmega32a.o
 .text          0x00000000        0x0 APP/app_program.o
 .data          0x00000000        0x0 APP/app_program.o
 .bss           0x00000000        0x0 APP/app_program.o
 .text          0x00000000        0x0 HAL/btn/btn_program.o
 .data          0x00000000        0x0 HAL/btn/btn_program.o
 .bss           0x00000000        0x0 HAL/btn/btn_program.o
 .text.BTN_init
                0x00000000        0x8 HAL/btn/btn_program.o
 .text.BTN_read
                0x00000000        0x6 HAL/btn/btn_program.o
 .debug_info    0x00000000      0x1dc HAL/btn/btn_program.o
 .debug_abbrev  0x00000000       0xae HAL/btn/btn_program.o
 .debug_loc     0x00000000       0xaa HAL/btn/btn_program.o
 .debug_aranges
                0x00000000       0x28 HAL/btn/btn_program.o
 .debug_ranges  0x00000000       0x18 HAL/btn/btn_program.o
 .debug_line    0x00000000       0xbd HAL/btn/btn_program.o
 .debug_str     0x00000000      0x277 HAL/btn/btn_program.o
 .comment       0x00000000       0x31 HAL/btn/btn_program.o
 .debug_frame   0x00000000       0x34 HAL/btn/btn_program.o
 .text          0x00000000        0x0 HAL/dcm/dcm_program.o
 .data          0x00000000        0x0 HAL/dcm/dcm_program.o
 .bss           0x00000000        0x0 HAL/dcm/dcm_program.o
 .text          0x00000000        0x0 HAL/icu/icu_interface.o
 .data          0x00000000        0x0 HAL/icu/icu_interface.o
 .bss           0x00000000        0x0 HAL/icu/icu_interface.o
 .text.Icu_init
                0x00000000       0x54 HAL/icu/icu_interface.o
 .text.Icu_setCallBack
                0x00000000        0xc HAL/icu/icu_interface.o
 .text.Icu_setEdgeDetectionType
                0x00000000       0x1c HAL/icu/icu_interface.o
 .text.Icu_getInputCaptureValue
                0x00000000        0x6 HAL/icu/icu_interface.o
 .text.Icu_clearTimerValue
                0x00000000        0x6 HAL/icu/icu_interface.o
 .text.Icu_DeInit
                0x00000000        0xe HAL/icu/icu_interface.o
 .bss.EN_g_source
                0x00000000        0x1 HAL/icu/icu_interface.o
 .debug_info    0x00000000      0x503 HAL/icu/icu_interface.o
 .debug_abbrev  0x00000000      0x14b HAL/icu/icu_interface.o
 .debug_loc     0x00000000      0x109 HAL/icu/icu_interface.o
 .debug_aranges
                0x00000000       0x48 HAL/icu/icu_interface.o
 .debug_ranges  0x00000000       0x38 HAL/icu/icu_interface.o
 .debug_line    0x00000000      0x1a6 HAL/icu/icu_interface.o
 .debug_str     0x00000000      0x56a HAL/icu/icu_interface.o
 .comment       0x00000000       0x31 HAL/icu/icu_interface.o
 .debug_frame   0x00000000       0x90 HAL/icu/icu_interface.o
 .text          0x00000000        0x0 HAL/kpd/kpd_program.o
 .data          0x00000000        0x0 HAL/kpd/kpd_program.o
 .bss           0x00000000        0x0 HAL/kpd/kpd_program.o
 .text.KPD_initialization
                0x00000000       0x3e HAL/kpd/kpd_program.o
 .text.KPD_enableKPD
                0x00000000       0x16 HAL/kpd/kpd_program.o
 .text.KPD_disableKPD
                0x00000000        0xc HAL/kpd/kpd_program.o
 .text.KPD_getPressedKey
                0x00000000       0xe6 HAL/kpd/kpd_program.o
 .rodata.Au8_gs_colsPins
                0x00000000        0x2 HAL/kpd/kpd_program.o
 .rodata.Au8_gs_keys
                0x00000000        0x2 HAL/kpd/kpd_program.o
 .debug_info    0x00000000      0x4a2 HAL/kpd/kpd_program.o
 .debug_abbrev  0x00000000      0x1ab HAL/kpd/kpd_program.o
 .debug_loc     0x00000000      0x1e7 HAL/kpd/kpd_program.o
 .debug_aranges
                0x00000000       0x38 HAL/kpd/kpd_program.o
 .debug_ranges  0x00000000       0x40 HAL/kpd/kpd_program.o
 .debug_line    0x00000000      0x288 HAL/kpd/kpd_program.o
 .debug_str     0x00000000      0x36e HAL/kpd/kpd_program.o
 .comment       0x00000000       0x31 HAL/kpd/kpd_program.o
 .debug_frame   0x00000000       0x8c HAL/kpd/kpd_program.o
 .text          0x00000000        0x0 HAL/lcd/lcd_program.o
 .data          0x00000000        0x0 HAL/lcd/lcd_program.o
 .bss           0x00000000        0x0 HAL/lcd/lcd_program.o
 .text.LCD_sendCommand
                0x00000000       0x90 HAL/lcd/lcd_program.o
 .text.LCD_init
                0x00000000       0x78 HAL/lcd/lcd_program.o
 .text.LCD_sendCharacter
                0x00000000       0x90 HAL/lcd/lcd_program.o
 .text.LCD_clear
                0x00000000       0x1a HAL/lcd/lcd_program.o
 .text.LCD_setCursor
                0x00000000       0x28 HAL/lcd/lcd_program.o
 .text.LCD_sendString
                0x00000000       0x2c HAL/lcd/lcd_program.o
 .text.LCD_floatToString
                0x00000000       0xe6 HAL/lcd/lcd_program.o
 .text.LCD_createCustomCharacter
                0x00000000       0x36 HAL/lcd/lcd_program.o
 .debug_info    0x00000000      0x9fb HAL/lcd/lcd_program.o
 .debug_abbrev  0x00000000      0x1d3 HAL/lcd/lcd_program.o
 .debug_loc     0x00000000      0x6a3 HAL/lcd/lcd_program.o
 .debug_aranges
                0x00000000       0x58 HAL/lcd/lcd_program.o
 .debug_ranges  0x00000000       0x48 HAL/lcd/lcd_program.o
 .debug_line    0x00000000      0x474 HAL/lcd/lcd_program.o
 .debug_str     0x00000000      0x3f0 HAL/lcd/lcd_program.o
 .comment       0x00000000       0x31 HAL/lcd/lcd_program.o
 .debug_frame   0x00000000       0xe4 HAL/lcd/lcd_program.o
 .text          0x00000000        0x0 HAL/us/us_interface.o
 .data          0x00000000        0x0 HAL/us/us_interface.o
 .bss           0x00000000        0x0 HAL/us/us_interface.o
 .text.Ultrasonic_edgeProcessing
                0x00000000       0x36 HAL/us/us_interface.o
 .text.Ultrasonic_init
                0x00000000       0x5a HAL/us/us_interface.o
 .text.Ultrasonic_Trigger
                0x00000000       0x2a HAL/us/us_interface.o
 .text.Ultrasonic_readDistance
                0x00000000       0x2e HAL/us/us_interface.o
 .bss.u8_g_triggerPin
                0x00000000        0x1 HAL/us/us_interface.o
 .bss.u8_g_triggerPort
                0x00000000        0x1 HAL/us/us_interface.o
 .bss.u16_g_timeHigh
                0x00000000        0x2 HAL/us/us_interface.o
 .bss.u8_g_edgeCount
                0x00000000        0x1 HAL/us/us_interface.o
 .debug_info    0x00000000      0x3cc HAL/us/us_interface.o
 .debug_abbrev  0x00000000      0x136 HAL/us/us_interface.o
 .debug_loc     0x00000000      0x10e HAL/us/us_interface.o
 .debug_aranges
                0x00000000       0x38 HAL/us/us_interface.o
 .debug_ranges  0x00000000       0x28 HAL/us/us_interface.o
 .debug_line    0x00000000      0x1cc HAL/us/us_interface.o
 .debug_str     0x00000000      0x408 HAL/us/us_interface.o
 .comment       0x00000000       0x31 HAL/us/us_interface.o
 .debug_frame   0x00000000       0x70 HAL/us/us_interface.o
 .text          0x00000000        0x0 main.o
 .data          0x00000000        0x0 main.o
 .bss           0x00000000        0x0 main.o
 .text          0x00000000        0x0 MCAL/dio/dio_program.o
 .data          0x00000000        0x0 MCAL/dio/dio_program.o
 .bss           0x00000000        0x0 MCAL/dio/dio_program.o
 .text.DIO_read
                0x00000000       0xc2 MCAL/dio/dio_program.o
 .text.DIO_setPortDirection
                0x00000000       0x20 MCAL/dio/dio_program.o
 .text.DIO_setPortValue
                0x00000000       0x20 MCAL/dio/dio_program.o
 .text.DIO_getPortValue
                0x00000000       0x30 MCAL/dio/dio_program.o
 .text.DIO_setHigherNibble
                0x00000000       0x40 MCAL/dio/dio_program.o
 .text.DIO_setLowerNibble
                0x00000000       0x58 MCAL/dio/dio_program.o
 .text          0x00000000        0x0 MCAL/exi/exi_program.o
 .data          0x00000000        0x0 MCAL/exi/exi_program.o
 .bss           0x00000000        0x0 MCAL/exi/exi_program.o
 .text.EXI_enablePIE
                0x00000000      0x102 MCAL/exi/exi_program.o
 .text.EXI_disablePIE
                0x00000000       0x2a MCAL/exi/exi_program.o
 .text.EXI_intSetCallBack
                0x00000000       0x26 MCAL/exi/exi_program.o
 .text          0x00000000        0x0 MCAL/gli/gli_program.o
 .data          0x00000000        0x0 MCAL/gli/gli_program.o
 .bss           0x00000000        0x0 MCAL/gli/gli_program.o
 .text.GLI_disableGIE
                0x00000000        0x8 MCAL/gli/gli_program.o
 .text          0x00000000        0x0 MCAL/pwm/pwm_program.o
 .data          0x00000000        0x0 MCAL/pwm/pwm_program.o
 .bss           0x00000000        0x0 MCAL/pwm/pwm_program.o
 .text.PWM_calculatePrescaler
                0x00000000      0x124 MCAL/pwm/pwm_program.o
 .text.PWM_calculateInitialValue
                0x00000000      0x156 MCAL/pwm/pwm_program.o
 .text.PWM_setPrescaler
                0x00000000       0xe6 MCAL/pwm/pwm_program.o
 .text.PWM_initialization
                0x00000000       0xa8 MCAL/pwm/pwm_program.o
 .text.PWM_generatePWM
                0x00000000       0xc4 MCAL/pwm/pwm_program.o
 .bss.f32_gs_periodTime
                0x00000000        0x4 MCAL/pwm/pwm_program.o
 .bss.u16_gs_ToffPrescale
                0x00000000        0x2 MCAL/pwm/pwm_program.o
 .bss.u16_gs_TonPrescale
                0x00000000        0x2 MCAL/pwm/pwm_program.o
 .bss.u8_gs_ToffInitialValue
                0x00000000        0x1 MCAL/pwm/pwm_program.o
 .bss.u8_gs_TonInitialValue
                0x00000000        0x1 MCAL/pwm/pwm_program.o
 .debug_info    0x00000000      0x377 MCAL/pwm/pwm_program.o
 .debug_abbrev  0x00000000      0x115 MCAL/pwm/pwm_program.o
 .debug_loc     0x00000000      0x7a1 MCAL/pwm/pwm_program.o
 .debug_aranges
                0x00000000       0x40 MCAL/pwm/pwm_program.o
 .debug_ranges  0x00000000       0x30 MCAL/pwm/pwm_program.o
 .debug_line    0x00000000      0x366 MCAL/pwm/pwm_program.o
 .debug_str     0x00000000      0x3a1 MCAL/pwm/pwm_program.o
 .comment       0x00000000       0x31 MCAL/pwm/pwm_program.o
 .debug_frame   0x00000000       0xb8 MCAL/pwm/pwm_program.o
 .text          0x00000000        0x0 MCAL/tmr0/tmr0_interface.o
 .data          0x00000000        0x0 MCAL/tmr0/tmr0_interface.o
 .bss           0x00000000        0x0 MCAL/tmr0/tmr0_interface.o
 .text.TMR0_Delay_MS
                0x00000000      0x4b4 MCAL/tmr0/tmr0_interface.o
 .text.TMR0_Stop
                0x00000000        0x8 MCAL/tmr0/tmr0_interface.o
 .text.TMR0_CallEvent
                0x00000000       0x96 MCAL/tmr0/tmr0_interface.o
 .text.TMR0_TimeOut_Ms
                0x00000000       0xb6 MCAL/tmr0/tmr0_interface.o
 .text          0x00000000        0x0 MCAL/tmr1/tmr1_interface.o
 .data          0x00000000        0x0 MCAL/tmr1/tmr1_interface.o
 .bss           0x00000000        0x0 MCAL/tmr1/tmr1_interface.o
 .text.TMR1_Init
                0x00000000       0x96 MCAL/tmr1/tmr1_interface.o
 .text.TMR1_ReadTime
                0x00000000        0x6 MCAL/tmr1/tmr1_interface.o
 .text.TMR1_Clear
                0x00000000        0x6 MCAL/tmr1/tmr1_interface.o
 .text.TMR1_Stop
                0x00000000        0x6 MCAL/tmr1/tmr1_interface.o
 .debug_info    0x00000000      0x2c7 MCAL/tmr1/tmr1_interface.o
 .debug_abbrev  0x00000000       0xdc MCAL/tmr1/tmr1_interface.o
 .debug_loc     0x00000000       0x28 MCAL/tmr1/tmr1_interface.o
 .debug_aranges
                0x00000000       0x38 MCAL/tmr1/tmr1_interface.o
 .debug_ranges  0x00000000       0x28 MCAL/tmr1/tmr1_interface.o
 .debug_line    0x00000000      0x151 MCAL/tmr1/tmr1_interface.o
 .debug_str     0x00000000      0x3ec MCAL/tmr1/tmr1_interface.o
 .comment       0x00000000       0x31 MCAL/tmr1/tmr1_interface.o
 .debug_frame   0x00000000       0x54 MCAL/tmr1/tmr1_interface.o
 .text          0x00000000        0x0 MCAL/tmr2/tmr2_interface.o
 .data          0x00000000        0x0 MCAL/tmr2/tmr2_interface.o
 .bss           0x00000000        0x0 MCAL/tmr2/tmr2_interface.o
 .text          0x00000000        0x0 c:/program files (x86)/atmel/studio/7.0/toolchain/avr8/avr8-gnu-toolchain/bin/../lib/gcc/avr/5.4.0/../../../../avr/lib/avr5\libm.a(addsf3.o)
 .data          0x00000000        0x0 c:/program files (x86)/atmel/studio/7.0/toolchain/avr8/avr8-gnu-toolchain/bin/../lib/gcc/avr/5.4.0/../../../../avr/lib/avr5\libm.a(addsf3.o)
 .bss           0x00000000        0x0 c:/program files (x86)/atmel/studio/7.0/toolchain/avr8/avr8-gnu-toolchain/bin/../lib/gcc/avr/5.4.0/../../../../avr/lib/avr5\libm.a(addsf3.o)
 .text          0x00000000        0x0 c:/program files (x86)/atmel/studio/7.0/toolchain/avr8/avr8-gnu-toolchain/bin/../lib/gcc/avr/5.4.0/../../../../avr/lib/avr5\libm.a(addsf3x.o)
 .data          0x00000000        0x0 c:/program files (x86)/atmel/studio/7.0/toolchain/avr8/avr8-gnu-toolchain/bin/../lib/gcc/avr/5.4.0/../../../../avr/lib/avr5\libm.a(addsf3x.o)
 .bss           0x00000000        0x0 c:/program files (x86)/atmel/studio/7.0/toolchain/avr8/avr8-gnu-toolchain/bin/../lib/gcc/avr/5.4.0/../../../../avr/lib/avr5\libm.a(addsf3x.o)
 .text          0x00000000        0x0 c:/program files (x86)/atmel/studio/7.0/toolchain/avr8/avr8-gnu-toolchain/bin/../lib/gcc/avr/5.4.0/../../../../avr/lib/avr5\libm.a(ceil.o)
 .data          0x00000000        0x0 c:/program files (x86)/atmel/studio/7.0/toolchain/avr8/avr8-gnu-toolchain/bin/../lib/gcc/avr/5.4.0/../../../../avr/lib/avr5\libm.a(ceil.o)
 .bss           0x00000000        0x0 c:/program files (x86)/atmel/studio/7.0/toolchain/avr8/avr8-gnu-toolchain/bin/../lib/gcc/avr/5.4.0/../../../../avr/lib/avr5\libm.a(ceil.o)
 .text.avr-libc.fplib
                0x00000000       0x2e c:/program files (x86)/atmel/studio/7.0/toolchain/avr8/avr8-gnu-toolchain/bin/../lib/gcc/avr/5.4.0/../../../../avr/lib/avr5\libm.a(ceil.o)
 .text          0x00000000        0x0 c:/program files (x86)/atmel/studio/7.0/toolchain/avr8/avr8-gnu-toolchain/bin/../lib/gcc/avr/5.4.0/../../../../avr/lib/avr5\libm.a(cmpsf2.o)
 .data          0x00000000        0x0 c:/program files (x86)/atmel/studio/7.0/toolchain/avr8/avr8-gnu-toolchain/bin/../lib/gcc/avr/5.4.0/../../../../avr/lib/avr5\libm.a(cmpsf2.o)
 .bss           0x00000000        0x0 c:/program files (x86)/atmel/studio/7.0/toolchain/avr8/avr8-gnu-toolchain/bin/../lib/gcc/avr/5.4.0/../../../../avr/lib/avr5\libm.a(cmpsf2.o)
 .text          0x00000000        0x0 c:/program files (x86)/atmel/studio/7.0/toolchain/avr8/avr8-gnu-toolchain/bin/../lib/gcc/avr/5.4.0/../../../../avr/lib/avr5\libm.a(divsf3.o)
 .data          0x00000000        0x0 c:/program files (x86)/atmel/studio/7.0/toolchain/avr8/avr8-gnu-toolchain/bin/../lib/gcc/avr/5.4.0/../../../../avr/lib/avr5\libm.a(divsf3.o)
 .bss           0x00000000        0x0 c:/program files (x86)/atmel/studio/7.0/toolchain/avr8/avr8-gnu-toolchain/bin/../lib/gcc/avr/5.4.0/../../../../avr/lib/avr5\libm.a(divsf3.o)
 .text          0x00000000        0x0 c:/program files (x86)/atmel/studio/7.0/toolchain/avr8/avr8-gnu-toolchain/bin/../lib/gcc/avr/5.4.0/../../../../avr/lib/avr5\libm.a(divsf3x.o)
 .data          0x00000000        0x0 c:/program files (x86)/atmel/studio/7.0/toolchain/avr8/avr8-gnu-toolchain/bin/../lib/gcc/avr/5.4.0/../../../../avr/lib/avr5\libm.a(divsf3x.o)
 .bss           0x00000000        0x0 c:/program files (x86)/atmel/studio/7.0/toolchain/avr8/avr8-gnu-toolchain/bin/../lib/gcc/avr/5.4.0/../../../../avr/lib/avr5\libm.a(divsf3x.o)
 .text          0x00000000        0x0 c:/program files (x86)/atmel/studio/7.0/toolchain/avr8/avr8-gnu-toolchain/bin/../lib/gcc/avr/5.4.0/../../../../avr/lib/avr5\libm.a(fixunssfsi.o)
 .data          0x00000000        0x0 c:/program files (x86)/atmel/studio/7.0/toolchain/avr8/avr8-gnu-toolchain/bin/../lib/gcc/avr/5.4.0/../../../../avr/lib/avr5\libm.a(fixunssfsi.o)
 .bss           0x00000000        0x0 c:/program files (x86)/atmel/studio/7.0/toolchain/avr8/avr8-gnu-toolchain/bin/../lib/gcc/avr/5.4.0/../../../../avr/lib/avr5\libm.a(fixunssfsi.o)
 .text          0x00000000        0x0 c:/program files (x86)/atmel/studio/7.0/toolchain/avr8/avr8-gnu-toolchain/bin/../lib/gcc/avr/5.4.0/../../../../avr/lib/avr5\libm.a(floatsisf.o)
 .data          0x00000000        0x0 c:/program files (x86)/atmel/studio/7.0/toolchain/avr8/avr8-gnu-toolchain/bin/../lib/gcc/avr/5.4.0/../../../../avr/lib/avr5\libm.a(floatsisf.o)
 .bss           0x00000000        0x0 c:/program files (x86)/atmel/studio/7.0/toolchain/avr8/avr8-gnu-toolchain/bin/../lib/gcc/avr/5.4.0/../../../../avr/lib/avr5\libm.a(floatsisf.o)
 .text          0x00000000        0x0 c:/program files (x86)/atmel/studio/7.0/toolchain/avr8/avr8-gnu-toolchain/bin/../lib/gcc/avr/5.4.0/../../../../avr/lib/avr5\libm.a(fp_cmp.o)
 .data          0x00000000        0x0 c:/program files (x86)/atmel/studio/7.0/toolchain/avr8/avr8-gnu-toolchain/bin/../lib/gcc/avr/5.4.0/../../../../avr/lib/avr5\libm.a(fp_cmp.o)
 .bss           0x00000000        0x0 c:/program files (x86)/atmel/studio/7.0/toolchain/avr8/avr8-gnu-toolchain/bin/../lib/gcc/avr/5.4.0/../../../../avr/lib/avr5\libm.a(fp_cmp.o)
 .text          0x00000000        0x0 c:/program files (x86)/atmel/studio/7.0/toolchain/avr8/avr8-gnu-toolchain/bin/../lib/gcc/avr/5.4.0/../../../../avr/lib/avr5\libm.a(fp_inf.o)
 .data          0x00000000        0x0 c:/program files (x86)/atmel/studio/7.0/toolchain/avr8/avr8-gnu-toolchain/bin/../lib/gcc/avr/5.4.0/../../../../avr/lib/avr5\libm.a(fp_inf.o)
 .bss           0x00000000        0x0 c:/program files (x86)/atmel/studio/7.0/toolchain/avr8/avr8-gnu-toolchain/bin/../lib/gcc/avr/5.4.0/../../../../avr/lib/avr5\libm.a(fp_inf.o)
 .text          0x00000000        0x0 c:/program files (x86)/atmel/studio/7.0/toolchain/avr8/avr8-gnu-toolchain/bin/../lib/gcc/avr/5.4.0/../../../../avr/lib/avr5\libm.a(fp_mintl.o)
 .data          0x00000000        0x0 c:/program files (x86)/atmel/studio/7.0/toolchain/avr8/avr8-gnu-toolchain/bin/../lib/gcc/avr/5.4.0/../../../../avr/lib/avr5\libm.a(fp_mintl.o)
 .bss           0x00000000        0x0 c:/program files (x86)/atmel/studio/7.0/toolchain/avr8/avr8-gnu-toolchain/bin/../lib/gcc/avr/5.4.0/../../../../avr/lib/avr5\libm.a(fp_mintl.o)
 .text.avr-libc.fplib
                0x00000000       0x36 c:/program files (x86)/atmel/studio/7.0/toolchain/avr8/avr8-gnu-toolchain/bin/../lib/gcc/avr/5.4.0/../../../../avr/lib/avr5\libm.a(fp_mintl.o)
 .text          0x00000000        0x0 c:/program files (x86)/atmel/studio/7.0/toolchain/avr8/avr8-gnu-toolchain/bin/../lib/gcc/avr/5.4.0/../../../../avr/lib/avr5\libm.a(fp_mpack.o)
 .data          0x00000000        0x0 c:/program files (x86)/atmel/studio/7.0/toolchain/avr8/avr8-gnu-toolchain/bin/../lib/gcc/avr/5.4.0/../../../../avr/lib/avr5\libm.a(fp_mpack.o)
 .bss           0x00000000        0x0 c:/program files (x86)/atmel/studio/7.0/toolchain/avr8/avr8-gnu-toolchain/bin/../lib/gcc/avr/5.4.0/../../../../avr/lib/avr5\libm.a(fp_mpack.o)
 .text.avr-libc.fplib
                0x00000000       0x1c c:/program files (x86)/atmel/studio/7.0/toolchain/avr8/avr8-gnu-toolchain/bin/../lib/gcc/avr/5.4.0/../../../../avr/lib/avr5\libm.a(fp_mpack.o)
 .text          0x00000000        0x0 c:/program files (x86)/atmel/studio/7.0/toolchain/avr8/avr8-gnu-toolchain/bin/../lib/gcc/avr/5.4.0/../../../../avr/lib/avr5\libm.a(fp_nan.o)
 .data          0x00000000        0x0 c:/program files (x86)/atmel/studio/7.0/toolchain/avr8/avr8-gnu-toolchain/bin/../lib/gcc/avr/5.4.0/../../../../avr/lib/avr5\libm.a(fp_nan.o)
 .bss           0x00000000        0x0 c:/program files (x86)/atmel/studio/7.0/toolchain/avr8/avr8-gnu-toolchain/bin/../lib/gcc/avr/5.4.0/../../../../avr/lib/avr5\libm.a(fp_nan.o)
 .text          0x00000000        0x0 c:/program files (x86)/atmel/studio/7.0/toolchain/avr8/avr8-gnu-toolchain/bin/../lib/gcc/avr/5.4.0/../../../../avr/lib/avr5\libm.a(fp_pscA.o)
 .data          0x00000000        0x0 c:/program files (x86)/atmel/studio/7.0/toolchain/avr8/avr8-gnu-toolchain/bin/../lib/gcc/avr/5.4.0/../../../../avr/lib/avr5\libm.a(fp_pscA.o)
 .bss           0x00000000        0x0 c:/program files (x86)/atmel/studio/7.0/toolchain/avr8/avr8-gnu-toolchain/bin/../lib/gcc/avr/5.4.0/../../../../avr/lib/avr5\libm.a(fp_pscA.o)
 .text          0x00000000        0x0 c:/program files (x86)/atmel/studio/7.0/toolchain/avr8/avr8-gnu-toolchain/bin/../lib/gcc/avr/5.4.0/../../../../avr/lib/avr5\libm.a(fp_pscB.o)
 .data          0x00000000        0x0 c:/program files (x86)/atmel/studio/7.0/toolchain/avr8/avr8-gnu-toolchain/bin/../lib/gcc/avr/5.4.0/../../../../avr/lib/avr5\libm.a(fp_pscB.o)
 .bss           0x00000000        0x0 c:/program files (x86)/atmel/studio/7.0/toolchain/avr8/avr8-gnu-toolchain/bin/../lib/gcc/avr/5.4.0/../../../../avr/lib/avr5\libm.a(fp_pscB.o)
 .text          0x00000000        0x0 c:/program files (x86)/atmel/studio/7.0/toolchain/avr8/avr8-gnu-toolchain/bin/../lib/gcc/avr/5.4.0/../../../../avr/lib/avr5\libm.a(fp_round.o)
 .data          0x00000000        0x0 c:/program files (x86)/atmel/studio/7.0/toolchain/avr8/avr8-gnu-toolchain/bin/../lib/gcc/avr/5.4.0/../../../../avr/lib/avr5\libm.a(fp_round.o)
 .bss           0x00000000        0x0 c:/program files (x86)/atmel/studio/7.0/toolchain/avr8/avr8-gnu-toolchain/bin/../lib/gcc/avr/5.4.0/../../../../avr/lib/avr5\libm.a(fp_round.o)
 .text          0x00000000        0x0 c:/program files (x86)/atmel/studio/7.0/toolchain/avr8/avr8-gnu-toolchain/bin/../lib/gcc/avr/5.4.0/../../../../avr/lib/avr5\libm.a(fp_split3.o)
 .data          0x00000000        0x0 c:/program files (x86)/atmel/studio/7.0/toolchain/avr8/avr8-gnu-toolchain/bin/../lib/gcc/avr/5.4.0/../../../../avr/lib/avr5\libm.a(fp_split3.o)
 .bss           0x00000000        0x0 c:/program files (x86)/atmel/studio/7.0/toolchain/avr8/avr8-gnu-toolchain/bin/../lib/gcc/avr/5.4.0/../../../../avr/lib/avr5\libm.a(fp_split3.o)
 .text          0x00000000        0x0 c:/program files (x86)/atmel/studio/7.0/toolchain/avr8/avr8-gnu-toolchain/bin/../lib/gcc/avr/5.4.0/../../../../avr/lib/avr5\libm.a(fp_trunc.o)
 .data          0x00000000        0x0 c:/program files (x86)/atmel/studio/7.0/toolchain/avr8/avr8-gnu-toolchain/bin/../lib/gcc/avr/5.4.0/../../../../avr/lib/avr5\libm.a(fp_trunc.o)
 .bss           0x00000000        0x0 c:/program files (x86)/atmel/studio/7.0/toolchain/avr8/avr8-gnu-toolchain/bin/../lib/gcc/avr/5.4.0/../../../../avr/lib/avr5\libm.a(fp_trunc.o)
 .text.avr-libc.fplib
                0x00000000       0x30 c:/program files (x86)/atmel/studio/7.0/toolchain/avr8/avr8-gnu-toolchain/bin/../lib/gcc/avr/5.4.0/../../../../avr/lib/avr5\libm.a(fp_trunc.o)
 .text          0x00000000        0x0 c:/program files (x86)/atmel/studio/7.0/toolchain/avr8/avr8-gnu-toolchain/bin/../lib/gcc/avr/5.4.0/../../../../avr/lib/avr5\libm.a(fp_zero.o)
 .data          0x00000000        0x0 c:/program files (x86)/atmel/studio/7.0/toolchain/avr8/avr8-gnu-toolchain/bin/../lib/gcc/avr/5.4.0/../../../../avr/lib/avr5\libm.a(fp_zero.o)
 .bss           0x00000000        0x0 c:/program files (x86)/atmel/studio/7.0/toolchain/avr8/avr8-gnu-toolchain/bin/../lib/gcc/avr/5.4.0/../../../../avr/lib/avr5\libm.a(fp_zero.o)
 .text          0x00000000        0x0 c:/program files (x86)/atmel/studio/7.0/toolchain/avr8/avr8-gnu-toolchain/bin/../lib/gcc/avr/5.4.0/../../../../avr/lib/avr5\libm.a(mulsf3.o)
 .data          0x00000000        0x0 c:/program files (x86)/atmel/studio/7.0/toolchain/avr8/avr8-gnu-toolchain/bin/../lib/gcc/avr/5.4.0/../../../../avr/lib/avr5\libm.a(mulsf3.o)
 .bss           0x00000000        0x0 c:/program files (x86)/atmel/studio/7.0/toolchain/avr8/avr8-gnu-toolchain/bin/../lib/gcc/avr/5.4.0/../../../../avr/lib/avr5\libm.a(mulsf3.o)
 .text          0x00000000        0x0 c:/program files (x86)/atmel/studio/7.0/toolchain/avr8/avr8-gnu-toolchain/bin/../lib/gcc/avr/5.4.0/../../../../avr/lib/avr5\libm.a(mulsf3x.o)
 .data          0x00000000        0x0 c:/program files (x86)/atmel/studio/7.0/toolchain/avr8/avr8-gnu-toolchain/bin/../lib/gcc/avr/5.4.0/../../../../avr/lib/avr5\libm.a(mulsf3x.o)
 .bss           0x00000000        0x0 c:/program files (x86)/atmel/studio/7.0/toolchain/avr8/avr8-gnu-toolchain/bin/../lib/gcc/avr/5.4.0/../../../../avr/lib/avr5\libm.a(mulsf3x.o)
 .text          0x00000000        0x0 c:/program files (x86)/atmel/studio/7.0/toolchain/avr8/avr8-gnu-toolchain/bin/../lib/gcc/avr/5.4.0/avr5\libgcc.a(_udivmodsi4.o)
 .data          0x00000000        0x0 c:/program files (x86)/atmel/studio/7.0/toolchain/avr8/avr8-gnu-toolchain/bin/../lib/gcc/avr/5.4.0/avr5\libgcc.a(_udivmodsi4.o)
 .bss           0x00000000        0x0 c:/program files (x86)/atmel/studio/7.0/toolchain/avr8/avr8-gnu-toolchain/bin/../lib/gcc/avr/5.4.0/avr5\libgcc.a(_udivmodsi4.o)
 .text.libgcc.mul
                0x00000000        0x0 c:/program files (x86)/atmel/studio/7.0/toolchain/avr8/avr8-gnu-toolchain/bin/../lib/gcc/avr/5.4.0/avr5\libgcc.a(_udivmodsi4.o)
 .text.libgcc.div
                0x00000000       0x44 c:/program files (x86)/atmel/studio/7.0/toolchain/avr8/avr8-gnu-toolchain/bin/../lib/gcc/avr/5.4.0/avr5\libgcc.a(_udivmodsi4.o)
 .text.libgcc   0x00000000        0x0 c:/program files (x86)/atmel/studio/7.0/toolchain/avr8/avr8-gnu-toolchain/bin/../lib/gcc/avr/5.4.0/avr5\libgcc.a(_udivmodsi4.o)
 .text.libgcc.prologue
                0x00000000        0x0 c:/program files (x86)/atmel/studio/7.0/toolchain/avr8/avr8-gnu-toolchain/bin/../lib/gcc/avr/5.4.0/avr5\libgcc.a(_udivmodsi4.o)
 .text.libgcc.builtins
                0x00000000        0x0 c:/program files (x86)/atmel/studio/7.0/toolchain/avr8/avr8-gnu-toolchain/bin/../lib/gcc/avr/5.4.0/avr5\libgcc.a(_udivmodsi4.o)
 .text.libgcc.fmul
                0x00000000        0x0 c:/program files (x86)/atmel/studio/7.0/toolchain/avr8/avr8-gnu-toolchain/bin/../lib/gcc/avr/5.4.0/avr5\libgcc.a(_udivmodsi4.o)
 .text.libgcc.fixed
                0x00000000        0x0 c:/program files (x86)/atmel/studio/7.0/toolchain/avr8/avr8-gnu-toolchain/bin/../lib/gcc/avr/5.4.0/avr5\libgcc.a(_udivmodsi4.o)
 .text          0x00000000        0x0 c:/program files (x86)/atmel/studio/7.0/toolchain/avr8/avr8-gnu-toolchain/bin/../lib/gcc/avr/5.4.0/avr5\libgcc.a(_exit.o)
 .data          0x00000000        0x0 c:/program files (x86)/atmel/studio/7.0/toolchain/avr8/avr8-gnu-toolchain/bin/../lib/gcc/avr/5.4.0/avr5\libgcc.a(_exit.o)
 .bss           0x00000000        0x0 c:/program files (x86)/atmel/studio/7.0/toolchain/avr8/avr8-gnu-toolchain/bin/../lib/gcc/avr/5.4.0/avr5\libgcc.a(_exit.o)
 .text.libgcc.mul
                0x00000000        0x0 c:/program files (x86)/atmel/studio/7.0/toolchain/avr8/avr8-gnu-toolchain/bin/../lib/gcc/avr/5.4.0/avr5\libgcc.a(_exit.o)
 .text.libgcc.div
                0x00000000        0x0 c:/program files (x86)/atmel/studio/7.0/toolchain/avr8/avr8-gnu-toolchain/bin/../lib/gcc/avr/5.4.0/avr5\libgcc.a(_exit.o)
 .text.libgcc   0x00000000        0x0 c:/program files (x86)/atmel/studio/7.0/toolchain/avr8/avr8-gnu-toolchain/bin/../lib/gcc/avr/5.4.0/avr5\libgcc.a(_exit.o)
 .text.libgcc.prologue
                0x00000000        0x0 c:/program files (x86)/atmel/studio/7.0/toolchain/avr8/avr8-gnu-toolchain/bin/../lib/gcc/avr/5.4.0/avr5\libgcc.a(_exit.o)
 .text.libgcc.builtins
                0x00000000        0x0 c:/program files (x86)/atmel/studio/7.0/toolchain/avr8/avr8-gnu-toolchain/bin/../lib/gcc/avr/5.4.0/avr5\libgcc.a(_exit.o)
 .text.libgcc.fmul
                0x00000000        0x0 c:/program files (x86)/atmel/studio/7.0/toolchain/avr8/avr8-gnu-toolchain/bin/../lib/gcc/avr/5.4.0/avr5\libgcc.a(_exit.o)
 .text.libgcc.fixed
                0x00000000        0x0 c:/program files (x86)/atmel/studio/7.0/toolchain/avr8/avr8-gnu-toolchain/bin/../lib/gcc/avr/5.4.0/avr5\libgcc.a(_exit.o)
 .text          0x00000000        0x0 c:/program files (x86)/atmel/studio/7.0/toolchain/avr8/avr8-gnu-toolchain/bin/../lib/gcc/avr/5.4.0/avr5\libgcc.a(_copy_data.o)
 .data          0x00000000        0x0 c:/program files (x86)/atmel/studio/7.0/toolchain/avr8/avr8-gnu-toolchain/bin/../lib/gcc/avr/5.4.0/avr5\libgcc.a(_copy_data.o)
 .bss           0x00000000        0x0 c:/program files (x86)/atmel/studio/7.0/toolchain/avr8/avr8-gnu-toolchain/bin/../lib/gcc/avr/5.4.0/avr5\libgcc.a(_copy_data.o)
 .text.libgcc.mul
                0x00000000        0x0 c:/program files (x86)/atmel/studio/7.0/toolchain/avr8/avr8-gnu-toolchain/bin/../lib/gcc/avr/5.4.0/avr5\libgcc.a(_copy_data.o)
 .text.libgcc.div
                0x00000000        0x0 c:/program files (x86)/atmel/studio/7.0/toolchain/avr8/avr8-gnu-toolchain/bin/../lib/gcc/avr/5.4.0/avr5\libgcc.a(_copy_data.o)
 .text.libgcc   0x00000000        0x0 c:/program files (x86)/atmel/studio/7.0/toolchain/avr8/avr8-gnu-toolchain/bin/../lib/gcc/avr/5.4.0/avr5\libgcc.a(_copy_data.o)
 .text.libgcc.prologue
                0x00000000        0x0 c:/program files (x86)/atmel/studio/7.0/toolchain/avr8/avr8-gnu-toolchain/bin/../lib/gcc/avr/5.4.0/avr5\libgcc.a(_copy_data.o)
 .text.libgcc.builtins
                0x00000000        0x0 c:/program files (x86)/atmel/studio/7.0/toolchain/avr8/avr8-gnu-toolchain/bin/../lib/gcc/avr/5.4.0/avr5\libgcc.a(_copy_data.o)
 .text.libgcc.fmul
                0x00000000        0x0 c:/program files (x86)/atmel/studio/7.0/toolchain/avr8/avr8-gnu-toolchain/bin/../lib/gcc/avr/5.4.0/avr5\libgcc.a(_copy_data.o)
 .text.libgcc.fixed
                0x00000000        0x0 c:/program files (x86)/atmel/studio/7.0/toolchain/avr8/avr8-gnu-toolchain/bin/../lib/gcc/avr/5.4.0/avr5\libgcc.a(_copy_data.o)
 .text          0x00000000        0x0 c:/program files (x86)/atmel/studio/7.0/toolchain/avr8/avr8-gnu-toolchain/bin/../lib/gcc/avr/5.4.0/avr5\libgcc.a(_clear_bss.o)
 .data          0x00000000        0x0 c:/program files (x86)/atmel/studio/7.0/toolchain/avr8/avr8-gnu-toolchain/bin/../lib/gcc/avr/5.4.0/avr5\libgcc.a(_clear_bss.o)
 .bss           0x00000000        0x0 c:/program files (x86)/atmel/studio/7.0/toolchain/avr8/avr8-gnu-toolchain/bin/../lib/gcc/avr/5.4.0/avr5\libgcc.a(_clear_bss.o)
 .text.libgcc.mul
                0x00000000        0x0 c:/program files (x86)/atmel/studio/7.0/toolchain/avr8/avr8-gnu-toolchain/bin/../lib/gcc/avr/5.4.0/avr5\libgcc.a(_clear_bss.o)
 .text.libgcc.div
                0x00000000        0x0 c:/program files (x86)/atmel/studio/7.0/toolchain/avr8/avr8-gnu-toolchain/bin/../lib/gcc/avr/5.4.0/avr5\libgcc.a(_clear_bss.o)
 .text.libgcc   0x00000000        0x0 c:/program files (x86)/atmel/studio/7.0/toolchain/avr8/avr8-gnu-toolchain/bin/../lib/gcc/avr/5.4.0/avr5\libgcc.a(_clear_bss.o)
 .text.libgcc.prologue
                0x00000000        0x0 c:/program files (x86)/atmel/studio/7.0/toolchain/avr8/avr8-gnu-toolchain/bin/../lib/gcc/avr/5.4.0/avr5\libgcc.a(_clear_bss.o)
 .text.libgcc.builtins
                0x00000000        0x0 c:/program files (x86)/atmel/studio/7.0/toolchain/avr8/avr8-gnu-toolchain/bin/../lib/gcc/avr/5.4.0/avr5\libgcc.a(_clear_bss.o)
 .text.libgcc.fmul
                0x00000000        0x0 c:/program files (x86)/atmel/studio/7.0/toolchain/avr8/avr8-gnu-toolchain/bin/../lib/gcc/avr/5.4.0/avr5\libgcc.a(_clear_bss.o)
 .text.libgcc.fixed
                0x00000000        0x0 c:/program files (x86)/atmel/studio/7.0/toolchain/avr8/avr8-gnu-toolchain/bin/../lib/gcc/avr/5.4.0/avr5\libgcc.a(_clear_bss.o)
 .text          0x00000000        0x0 c:/program files (x86)/atmel/studio/7.0/toolchain/avr8/avr8-gnu-toolchain/bin/../lib/gcc/avr/5.4.0/avr5\libgcc.a(_umulhisi3.o)
 .data          0x00000000        0x0 c:/program files (x86)/atmel/studio/7.0/toolchain/avr8/avr8-gnu-toolchain/bin/../lib/gcc/avr/5.4.0/avr5\libgcc.a(_umulhisi3.o)
 .bss           0x00000000        0x0 c:/program files (x86)/atmel/studio/7.0/toolchain/avr8/avr8-gnu-toolchain/bin/../lib/gcc/avr/5.4.0/avr5\libgcc.a(_umulhisi3.o)
 .text.libgcc.mul
                0x00000000       0x1e c:/program files (x86)/atmel/studio/7.0/toolchain/avr8/avr8-gnu-toolchain/bin/../lib/gcc/avr/5.4.0/avr5\libgcc.a(_umulhisi3.o)
 .text.libgcc.div
                0x00000000        0x0 c:/program files (x86)/atmel/studio/7.0/toolchain/avr8/avr8-gnu-toolchain/bin/../lib/gcc/avr/5.4.0/avr5\libgcc.a(_umulhisi3.o)
 .text.libgcc   0x00000000        0x0 c:/program files (x86)/atmel/studio/7.0/toolchain/avr8/avr8-gnu-toolchain/bin/../lib/gcc/avr/5.4.0/avr5\libgcc.a(_umulhisi3.o)
 .text.libgcc.prologue
                0x00000000        0x0 c:/program files (x86)/atmel/studio/7.0/toolchain/avr8/avr8-gnu-toolchain/bin/../lib/gcc/avr/5.4.0/avr5\libgcc.a(_umulhisi3.o)
 .text.libgcc.builtins
                0x00000000        0x0 c:/program files (x86)/atmel/studio/7.0/toolchain/avr8/avr8-gnu-toolchain/bin/../lib/gcc/avr/5.4.0/avr5\libgcc.a(_umulhisi3.o)
 .text.libgcc.fmul
                0x00000000        0x0 c:/program files (x86)/atmel/studio/7.0/toolchain/avr8/avr8-gnu-toolchain/bin/../lib/gcc/avr/5.4.0/avr5\libgcc.a(_umulhisi3.o)
 .text.libgcc.fixed
                0x00000000        0x0 c:/program files (x86)/atmel/studio/7.0/toolchain/avr8/avr8-gnu-toolchain/bin/../lib/gcc/avr/5.4.0/avr5\libgcc.a(_umulhisi3.o)

Memory Configuration

Name             Origin             Length             Attributes
text             0x00000000         0x00008000         xr
data             0x00800060         0x00000800         rw !x
eeprom           0x00810000         0x00000400         rw !x
fuse             0x00820000         0x00000002         rw !x
lock             0x00830000         0x00000400         rw !x
signature        0x00840000         0x00000400         rw !x
user_signatures  0x00850000         0x00000400         rw !x
*default*        0x00000000         0xffffffff

Linker script and memory map

LOAD C:/Program Files (x86)/Atmel/Studio/7.0/Packs/Atmel/ATmega_DFP/2.0.401/gcc/dev/atmega32a/avr5/crtatmega32a.o
LOAD APP/app_program.o
LOAD HAL/btn/btn_program.o
LOAD HAL/dcm/dcm_program.o
LOAD HAL/icu/icu_interface.o
LOAD HAL/kpd/kpd_program.o
LOAD HAL/lcd/lcd_program.o
LOAD HAL/us/us_interface.o
LOAD main.o
LOAD MCAL/dio/dio_program.o
LOAD MCAL/exi/exi_program.o
LOAD MCAL/gli/gli_program.o
LOAD MCAL/pwm/pwm_program.o
LOAD MCAL/tmr0/tmr0_interface.o
LOAD MCAL/tmr1/tmr1_interface.o
LOAD MCAL/tmr2/tmr2_interface.o
START GROUP
LOAD c:/program files (x86)/atmel/studio/7.0/toolchain/avr8/avr8-gnu-toolchain/bin/../lib/gcc/avr/5.4.0/../../../../avr/lib/avr5\libm.a
END GROUP
START GROUP
LOAD c:/program files (x86)/atmel/studio/7.0/toolchain/avr8/avr8-gnu-toolchain/bin/../lib/gcc/avr/5.4.0/avr5\libgcc.a
LOAD c:/program files (x86)/atmel/studio/7.0/toolchain/avr8/avr8-gnu-toolchain/bin/../lib/gcc/avr/5.4.0/../../../../avr/lib/avr5\libm.a
LOAD c:/program files (x86)/atmel/studio/7.0/toolchain/avr8/avr8-gnu-toolchain/bin/../lib/gcc/avr/5.4.0/../../../../avr/lib/avr5\libc.a
LOAD C:/Program Files (x86)/Atmel/Studio/7.0/Packs/Atmel/ATmega_DFP/2.0.401/gcc/dev/atmega32a/avr5\libatmega32a.a
END GROUP
                [0x00000000]                __TEXT_REGION_ORIGIN__ = DEFINED (__TEXT_REGION_ORIGIN__)?__TEXT_REGION_ORIGIN__:0x0
                [0x00800060]                __DATA_REGION_ORIGIN__ = DEFINED (__DATA_REGION_ORIGIN__)?__DATA_REGION_ORIGIN__:0x800060
                [0x00008000]                __TEXT_REGION_LENGTH__ = DEFINED (__TEXT_REGION_LENGTH__)?__TEXT_REGION_LENGTH__:0x20000
                [0x00000800]                __DATA_REGION_LENGTH__ = DEFINED (__DATA_REGION_LENGTH__)?__DATA_REGION_LENGTH__:0xffa0
                [0x00000400]                __EEPROM_REGION_LENGTH__ = DEFINED (__EEPROM_REGION_LENGTH__)?__EEPROM_REGION_LENGTH__:0x10000
                [0x00000002]                __FUSE_REGION_LENGTH__ = DEFINED (__FUSE_REGION_LENGTH__)?__FUSE_REGION_LENGTH__:0x400
                0x00000400                __LOCK_REGION_LENGTH__ = DEFINED (__LOCK_REGION_LENGTH__)?__LOCK_REGION_LENGTH__:0x400
                0x00000400                __SIGNATURE_REGION_LENGTH__ = DEFINED (__SIGNATURE_REGION_LENGTH__)?__SIGNATURE_REGION_LENGTH__:0x400
                0x00000400                __USER_SIGNATURE_REGION_LENGTH__ = DEFINED (__USER_SIGNATURE_REGION_LENGTH__)?__USER_SIGNATURE_REGION_LENGTH__:0x400

.hash
 *(.hash)

.dynsym
 *(.dynsym)

.dynstr
 *(.dynstr)

.gnu.version
 *(.gnu.version)

.gnu.version_d
 *(.gnu.version_d)

.gnu.version_r
 *(.gnu.version_r)

.rel.init
 *(.rel.init)

.rela.init
 *(.rela.init)

.rel.text
 *(.rel.text)
 *(.rel.text.*)
 *(.rel.gnu.linkonce.t*)

.rela.text
 *(.rela.text)
 *(.rela.text.*)
 *(.rela.gnu.linkonce.t*)

.rel.fini
 *(.rel.fini)

.rela.fini
 *(.rela.fini)

.rel.rodata
 *(.rel.rodata)
 *(.rel.rodata.*)
 *(.rel.gnu.linkonce.r*)

.rela.rodata
 *(.rela.rodata)
 *(.rela.rodata.*)
 *(.rela.gnu.linkonce.r*)

.rel.data
 *(.rel.data)
 *(.rel.data.*)
 *(.rel.gnu.linkonce.d*)

.rela.data
 *(.rela.data)
 *(.rela.data.*)
 *(.rela.gnu.linkonce.d*)

.rel.ctors
 *(.rel.ctors)

.rela.ctors
 *(.rela.ctors)

.rel.dtors
 *(.rel.dtors)

.rela.dtors
 *(.rela.dtors)

.rel.got
 *(.rel.got)

.rela.got
 *(.rela.got)

.rel.bss
 *(.rel.bss)

.rela.bss
 *(.rela.bss)

.rel.plt
 *(.rel.plt)

.rela.plt
 *(.rela.plt)

.text           0x00000000      0xe78
 *(.vectors)
 .vectors       0x00000000       0x54 C:/Program Files (x86)/Atmel/Studio/7.0/Packs/Atmel/ATmega_DFP/2.0.401/gcc/dev/atmega32a/avr5/crtatmega32a.o
                0x00000000                __vector_default
                0x00000000                __vectors
 *(.vectors)
 *(.progmem.gcc*)
                0x00000054                . = ALIGN (0x2)
                0x00000054                __trampolines_start = .
 *(.trampolines)
 .trampolines   0x00000054        0x0 linker stubs
 *(.trampolines*)
                0x00000054                __trampolines_end = .
 *libprintf_flt.a:*(.progmem.data)
 *libc.a:*(.progmem.data)
 *(.progmem*)
                0x00000054                . = ALIGN (0x2)
 *(.jumptables)
 *(.jumptables*)
 *(.lowtext)
 *(.lowtext*)
                0x00000054                __ctors_start = .
 *(.ctors)
                0x00000054                __ctors_end = .
                0x00000054                __dtors_start = .
 *(.dtors)
                0x00000054                __dtors_end = .
 SORT(*)(.ctors)
 SORT(*)(.dtors)
 *(.init0)
 .init0         0x00000054        0x0 C:/Program Files (x86)/Atmel/Studio/7.0/Packs/Atmel/ATmega_DFP/2.0.401/gcc/dev/atmega32a/avr5/crtatmega32a.o
                0x00000054                __init
 *(.init0)
 *(.init1)
 *(.init1)
 *(.init2)
 .init2         0x00000054        0xc C:/Program Files (x86)/Atmel/Studio/7.0/Packs/Atmel/ATmega_DFP/2.0.401/gcc/dev/atmega32a/avr5/crtatmega32a.o
 *(.init2)
 *(.init3)
 *(.init3)
 *(.init4)
 .init4         0x00000060       0x16 c:/program files (x86)/atmel/studio/7.0/toolchain/avr8/avr8-gnu-toolchain/bin/../lib/gcc/avr/5.4.0/avr5\libgcc.a(_copy_data.o)
                0x00000060                __do_copy_data
 .init4         0x00000076       0x10 c:/program files (x86)/atmel/studio/7.0/toolchain/avr8/avr8-gnu-toolchain/bin/../lib/gcc/avr/5.4.0/avr5\libgcc.a(_clear_bss.o)
                0x00000076                __do_clear_bss
 *(.init4)
 *(.init5)
 *(.init5)
 *(.init6)
 *(.init6)
 *(.init7)
 *(.init7)
 *(.init8)
 *(.init8)
 *(.init9)
 .init9         0x00000086        0x8 C:/Program Files (x86)/Atmel/Studio/7.0/Packs/Atmel/ATmega_DFP/2.0.401/gcc/dev/atmega32a/avr5/crtatmega32a.o
 *(.init9)
 *(.text)
 .text          0x0000008e        0x4 C:/Program Files (x86)/Atmel/Studio/7.0/Packs/Atmel/ATmega_DFP/2.0.401/gcc/dev/atmega32a/avr5/crtatmega32a.o
                0x0000008e                __vector_12
                0x0000008e                __bad_interrupt
                0x0000008e                __vector_6
                0x0000008e                __vector_13
                0x0000008e                __vector_17
                0x0000008e                __vector_19
                0x0000008e                __vector_7
                0x0000008e                __vector_4
                0x0000008e                __vector_9
                0x0000008e                __vector_15
                0x0000008e                __vector_8
                0x0000008e                __vector_14
                0x0000008e                __vector_16
                0x0000008e                __vector_18
                0x0000008e                __vector_20
                0x00000092                . = ALIGN (0x2)
 *(.text.*)
 .text.APP_initialization
                0x00000092       0x1a APP/app_program.o
                0x00000092                APP_initialization
 .text.APP_startProgram
                0x000000ac        0x2 APP/app_program.o
                0x000000ac                APP_startProgram
 .text.DCM_initialization
                0x000000ae       0x7a HAL/dcm/dcm_program.o
                0x000000ae                DCM_initialization
 .text.DCM_controlDCM
                0x00000128       0x7e HAL/dcm/dcm_program.o
                0x00000128                DCM_controlDCM
 .text.main     0x000001a6        0xe main.o
                0x000001a6                main
 .text.DIO_init
                0x000001b4       0xea MCAL/dio/dio_program.o
                0x000001b4                DIO_init
 .text.DIO_write
                0x0000029e       0xea MCAL/dio/dio_program.o
                0x0000029e                DIO_write
 .text.DIO_toggle
                0x00000388       0x68 MCAL/dio/dio_program.o
                0x00000388                DIO_toggle
 .text.__vector_1
                0x000003f0       0x52 MCAL/exi/exi_program.o
                0x000003f0                __vector_1
 .text.__vector_2
                0x00000442       0x52 MCAL/exi/exi_program.o
                0x00000442                __vector_2
 .text.__vector_3
                0x00000494       0x52 MCAL/exi/exi_program.o
                0x00000494                __vector_3
 .text.GLI_enableGIE
                0x000004e6        0x8 MCAL/gli/gli_program.o
                0x000004e6                GLI_enableGIE
 .text.__vector_10
                0x000004ee       0x5c MCAL/tmr0/tmr0_interface.o
                0x000004ee                __vector_10
 .text.__vector_11
                0x0000054a       0x7e MCAL/tmr0/tmr0_interface.o
                0x0000054a                __vector_11
 .text.calc_prescaler
                0x000005c8      0x11a MCAL/tmr2/tmr2_interface.o
 .text.calc_initialValue
                0x000006e2      0x12a MCAL/tmr2/tmr2_interface.o
 .text.set_prescale
                0x0000080c       0x60 MCAL/tmr2/tmr2_interface.o
 .text.TMR2_PWM_Init
                0x0000086c       0x64 MCAL/tmr2/tmr2_interface.o
                0x0000086c                TMR2_PWM_Init
 .text.TMR2_PWM_start
                0x000008d0       0xb8 MCAL/tmr2/tmr2_interface.o
                0x000008d0                TMR2_PWM_start
 .text.__vector_5
                0x00000988       0x88 MCAL/tmr2/tmr2_interface.o
                0x00000988                __vector_5
 .text.avr-libc.fplib
                0x00000a10        0xe c:/program files (x86)/atmel/studio/7.0/toolchain/avr8/avr8-gnu-toolchain/bin/../lib/gcc/avr/5.4.0/../../../../avr/lib/avr5\libm.a(addsf3.o)
                0x00000a10                __subsf3
                0x00000a12                __addsf3
 .text.avr-libc.fplib
                0x00000a1e       0xcc c:/program files (x86)/atmel/studio/7.0/toolchain/avr8/avr8-gnu-toolchain/bin/../lib/gcc/avr/5.4.0/../../../../avr/lib/avr5\libm.a(addsf3x.o)
                0x00000a40                __addsf3x
 .text.avr-libc.fplib
                0x00000aea        0xa c:/program files (x86)/atmel/studio/7.0/toolchain/avr8/avr8-gnu-toolchain/bin/../lib/gcc/avr/5.4.0/../../../../avr/lib/avr5\libm.a(cmpsf2.o)
                0x00000aea                __nesf2
                0x00000aea                __eqsf2
                0x00000aea                __cmpsf2
                0x00000aea                __ltsf2
                0x00000aea                __lesf2
 .text.avr-libc.fplib
                0x00000af4        0x8 c:/program files (x86)/atmel/studio/7.0/toolchain/avr8/avr8-gnu-toolchain/bin/../lib/gcc/avr/5.4.0/../../../../avr/lib/avr5\libm.a(divsf3.o)
                0x00000af4                __divsf3
 .text.avr-libc.fplib
                0x00000afc       0xdc c:/program files (x86)/atmel/studio/7.0/toolchain/avr8/avr8-gnu-toolchain/bin/../lib/gcc/avr/5.4.0/../../../../avr/lib/avr5\libm.a(divsf3x.o)
                0x00000b1c                __divsf3x
                0x00000b22                __divsf3_pse
 .text.avr-libc.fplib
                0x00000bd8       0x5e c:/program files (x86)/atmel/studio/7.0/toolchain/avr8/avr8-gnu-toolchain/bin/../lib/gcc/avr/5.4.0/../../../../avr/lib/avr5\libm.a(fixunssfsi.o)
                0x00000bd8                __fixunssfsi
 .text.avr-libc.fplib
                0x00000c36       0x7a c:/program files (x86)/atmel/studio/7.0/toolchain/avr8/avr8-gnu-toolchain/bin/../lib/gcc/avr/5.4.0/../../../../avr/lib/avr5\libm.a(floatsisf.o)
                0x00000c36                __floatunsisf
                0x00000c3a                __floatsisf
 .text.avr-libc.fplib
                0x00000cb0       0x48 c:/program files (x86)/atmel/studio/7.0/toolchain/avr8/avr8-gnu-toolchain/bin/../lib/gcc/avr/5.4.0/../../../../avr/lib/avr5\libm.a(fp_cmp.o)
                0x00000cb0                __fp_cmp
 .text.avr-libc.fplib
                0x00000cf8        0xc c:/program files (x86)/atmel/studio/7.0/toolchain/avr8/avr8-gnu-toolchain/bin/../lib/gcc/avr/5.4.0/../../../../avr/lib/avr5\libm.a(fp_inf.o)
                0x00000cf8                __fp_inf
 .text.avr-libc.fplib
                0x00000d04        0x6 c:/program files (x86)/atmel/studio/7.0/toolchain/avr8/avr8-gnu-toolchain/bin/../lib/gcc/avr/5.4.0/../../../../avr/lib/avr5\libm.a(fp_nan.o)
                0x00000d04                __fp_nan
 .text.avr-libc.fplib
                0x00000d0a        0xe c:/program files (x86)/atmel/studio/7.0/toolchain/avr8/avr8-gnu-toolchain/bin/../lib/gcc/avr/5.4.0/../../../../avr/lib/avr5\libm.a(fp_pscA.o)
                0x00000d0a                __fp_pscA
 .text.avr-libc.fplib
                0x00000d18        0xe c:/program files (x86)/atmel/studio/7.0/toolchain/avr8/avr8-gnu-toolchain/bin/../lib/gcc/avr/5.4.0/../../../../avr/lib/avr5\libm.a(fp_pscB.o)
                0x00000d18                __fp_pscB
 .text.avr-libc.fplib
                0x00000d26       0x22 c:/program files (x86)/atmel/studio/7.0/toolchain/avr8/avr8-gnu-toolchain/bin/../lib/gcc/avr/5.4.0/../../../../avr/lib/avr5\libm.a(fp_round.o)
                0x00000d26                __fp_round
 .text.avr-libc.fplib
                0x00000d48       0x44 c:/program files (x86)/atmel/studio/7.0/toolchain/avr8/avr8-gnu-toolchain/bin/../lib/gcc/avr/5.4.0/../../../../avr/lib/avr5\libm.a(fp_split3.o)
                0x00000d48                __fp_split3
                0x00000d58                __fp_splitA
 .text.avr-libc.fplib
                0x00000d8c        0xe c:/program files (x86)/atmel/studio/7.0/toolchain/avr8/avr8-gnu-toolchain/bin/../lib/gcc/avr/5.4.0/../../../../avr/lib/avr5\libm.a(fp_zero.o)
                0x00000d8c                __fp_zero
                0x00000d8e                __fp_szero
 .text.avr-libc.fplib
                0x00000d9a        0x8 c:/program files (x86)/atmel/studio/7.0/toolchain/avr8/avr8-gnu-toolchain/bin/../lib/gcc/avr/5.4.0/../../../../avr/lib/avr5\libm.a(mulsf3.o)
                0x00000d9a                __mulsf3
 .text.avr-libc.fplib
                0x00000da2       0xd2 c:/program files (x86)/atmel/studio/7.0/toolchain/avr8/avr8-gnu-toolchain/bin/../lib/gcc/avr/5.4.0/../../../../avr/lib/avr5\libm.a(mulsf3x.o)
                0x00000dc0                __mulsf3x
                0x00000dc6                __mulsf3_pse
                0x00000e74                . = ALIGN (0x2)
 *(.fini9)
 .fini9         0x00000e74        0x0 c:/program files (x86)/atmel/studio/7.0/toolchain/avr8/avr8-gnu-toolchain/bin/../lib/gcc/avr/5.4.0/avr5\libgcc.a(_exit.o)
                0x00000e74                _exit
                0x00000e74                exit
 *(.fini9)
 *(.fini8)
 *(.fini8)
 *(.fini7)
 *(.fini7)
 *(.fini6)
 *(.fini6)
 *(.fini5)
 *(.fini5)
 *(.fini4)
 *(.fini4)
 *(.fini3)
 *(.fini3)
 *(.fini2)
 *(.fini2)
 *(.fini1)
 *(.fini1)
 *(.fini0)
 .fini0         0x00000e74        0x4 c:/program files (x86)/atmel/studio/7.0/toolchain/avr8/avr8-gnu-toolchain/bin/../lib/gcc/avr/5.4.0/avr5\libgcc.a(_exit.o)
 *(.fini0)
                0x00000e78                _etext = .

.data           0x00800060        0xc load address 0x00000e78
                0x00800060                PROVIDE (__data_start, .)
 *(.data)
 *(.data*)
 .data.ast_g_DCMs
                0x00800060        0xc APP/app_program.o
                0x00800060                ast_g_DCMs
 *(.gnu.linkonce.d*)
 *(.rodata)
 *(.rodata*)
 *(.gnu.linkonce.r*)
                0x0080006c                . = ALIGN (0x2)
                0x0080006c                _edata = .
                0x0080006c                PROVIDE (__data_end, .)

.bss            0x0080006c       0x19
                0x0080006c                PROVIDE (__bss_start, .)
 *(.bss)
 *(.bss*)
 .bss.void_gs_apfInterrupstAction
                0x0080006c        0x6 MCAL/exi/exi_program.o
 .bss.g_timeout_flag
                0x00800072        0x1 MCAL/tmr0/tmr0_interface.o
                0x00800072                g_timeout_flag
 .bss.g_initial_value
                0x00800073        0x1 MCAL/tmr0/tmr0_interface.o
 .bss.g_tick    0x00800074        0x1 MCAL/tmr0/tmr0_interface.o
 .bss.NO_OF_OVERFLOWS
                0x00800075        0x1 MCAL/tmr0/tmr0_interface.o
 .bss.g_callBackPtr_0
                0x00800076        0x2 MCAL/tmr0/tmr0_interface.o
 .bss.g_PWM_flag
                0x00800078        0x1 MCAL/tmr2/tmr2_interface.o
                0x00800078                g_PWM_flag
 *(COMMON)
 COMMON         0x00800079        0xc MCAL/tmr2/tmr2_interface.o
                0x00800079                g_Ton_prescale
                0x0080007b                g_Toff_prescale
                0x0080007d                g_Ton_initValue
                0x0080007e                g_period_time
                0x00800082                g_Toff_initValue
                0x00800083                g_pin
                0x00800084                g_port
                0x00800085                PROVIDE (__bss_end, .)
                0x00000e78                __data_load_start = LOADADDR (.data)
                0x00000e84                __data_load_end = (__data_load_start + SIZEOF (.data))

.noinit         0x00800085        0x0
                [!provide]                PROVIDE (__noinit_start, .)
 *(.noinit*)
                [!provide]                PROVIDE (__noinit_end, .)
                0x00800085                _end = .
                [!provide]                PROVIDE (__heap_start, .)

.eeprom         0x00810000        0x0
 *(.eeprom*)
                0x00810000                __eeprom_end = .

.fuse
 *(.fuse)
 *(.lfuse)
 *(.hfuse)
 *(.efuse)

.lock
 *(.lock*)

.signature
 *(.signature*)

.user_signatures
 *(.user_signatures*)

.stab
 *(.stab)

.stabstr
 *(.stabstr)

.stab.excl
 *(.stab.excl)

.stab.exclstr
 *(.stab.exclstr)

.stab.index
 *(.stab.index)

.stab.indexstr
 *(.stab.indexstr)

.comment        0x00000000       0x30
 *(.comment)
 .comment       0x00000000       0x30 APP/app_program.o
                                 0x31 (size before relaxing)
 .comment       0x00000030       0x31 HAL/dcm/dcm_program.o
 .comment       0x00000030       0x31 main.o
 .comment       0x00000030       0x31 MCAL/dio/dio_program.o
 .comment       0x00000030       0x31 MCAL/exi/exi_program.o
 .comment       0x00000030       0x31 MCAL/gli/gli_program.o
 .comment       0x00000030       0x31 MCAL/tmr0/tmr0_interface.o
 .comment       0x00000030       0x31 MCAL/tmr2/tmr2_interface.o

.note.gnu.avr.deviceinfo
                0x00000000       0x3c
 .note.gnu.avr.deviceinfo
                0x00000000       0x3c C:/Program Files (x86)/Atmel/Studio/7.0/Packs/Atmel/ATmega_DFP/2.0.401/gcc/dev/atmega32a/avr5/crtatmega32a.o

.note.gnu.build-id
 *(.note.gnu.build-id)

.debug
 *(.debug)

.line
 *(.line)

.debug_srcinfo
 *(.debug_srcinfo)

.debug_sfnames
 *(.debug_sfnames)

.debug_aranges  0x00000000      0x1d0
 *(.debug_aranges)
 .debug_aranges
                0x00000000       0x28 APP/app_program.o
 .debug_aranges
                0x00000028       0x28 HAL/dcm/dcm_program.o
 .debug_aranges
                0x00000050       0x20 main.o
 .debug_aranges
                0x00000070       0x60 MCAL/dio/dio_program.o
 .debug_aranges
                0x000000d0       0x48 MCAL/exi/exi_program.o
 .debug_aranges
                0x00000118       0x28 MCAL/gli/gli_program.o
 .debug_aranges
                0x00000140       0x48 MCAL/tmr0/tmr0_interface.o
 .debug_aranges
                0x00000188       0x48 MCAL/tmr2/tmr2_interface.o

.debug_pubnames
 *(.debug_pubnames)

.debug_info     0x00000000     0x17a6
 *(.debug_info .gnu.linkonce.wi.*)
 .debug_info    0x00000000      0x4e6 C:/Program Files (x86)/Atmel/Studio/7.0/Packs/Atmel/ATmega_DFP/2.0.401/gcc/dev/atmega32a/avr5/crtatmega32a.o
 .debug_info    0x000004e6      0x1ab APP/app_program.o
 .debug_info    0x00000691      0x2f9 HAL/dcm/dcm_program.o
 .debug_info    0x0000098a       0xc2 main.o
 .debug_info    0x00000a4c      0x35d MCAL/dio/dio_program.o
 .debug_info    0x00000da9      0x1bf MCAL/exi/exi_program.o
 .debug_info    0x00000f68       0xa6 MCAL/gli/gli_program.o
 .debug_info    0x0000100e      0x39b MCAL/tmr0/tmr0_interface.o
 .debug_info    0x000013a9      0x3fd MCAL/tmr2/tmr2_interface.o

.debug_abbrev   0x00000000      0xc23
 *(.debug_abbrev)
 .debug_abbrev  0x00000000      0x4a3 C:/Program Files (x86)/Atmel/Studio/7.0/Packs/Atmel/ATmega_DFP/2.0.401/gcc/dev/atmega32a/avr5/crtatmega32a.o
 .debug_abbrev  0x000004a3       0xf0 APP/app_program.o
 .debug_abbrev  0x00000593      0x114 HAL/dcm/dcm_program.o
 .debug_abbrev  0x000006a7       0x65 main.o
 .debug_abbrev  0x0000070c       0xde MCAL/dio/dio_program.o
 .debug_abbrev  0x000007ea       0xcf MCAL/exi/exi_program.o
 .debug_abbrev  0x000008b9       0x46 MCAL/gli/gli_program.o
 .debug_abbrev  0x000008ff      0x1de MCAL/tmr0/tmr0_interface.o
 .debug_abbrev  0x00000add      0x146 MCAL/tmr2/tmr2_interface.o

.debug_line     0x00000000     0x1119
 *(.debug_line .debug_line.* .debug_line_end)
 .debug_line    0x00000000      0x116 C:/Program Files (x86)/Atmel/Studio/7.0/Packs/Atmel/ATmega_DFP/2.0.401/gcc/dev/atmega32a/avr5/crtatmega32a.o
 .debug_line    0x00000116       0xd7 APP/app_program.o
 .debug_line    0x000001ed      0x1c2 HAL/dcm/dcm_program.o
 .debug_line    0x000003af       0x67 main.o
 .debug_line    0x00000416      0x32d MCAL/dio/dio_program.o
 .debug_line    0x00000743      0x257 MCAL/exi/exi_program.o
 .debug_line    0x0000099a       0x92 MCAL/gli/gli_program.o
 .debug_line    0x00000a2c      0x406 MCAL/tmr0/tmr0_interface.o
 .debug_line    0x00000e32      0x2e7 MCAL/tmr2/tmr2_interface.o

.debug_frame    0x00000000      0x570
 *(.debug_frame)
 .debug_frame   0x00000000       0x34 APP/app_program.o
 .debug_frame   0x00000034       0x60 HAL/dcm/dcm_program.o
 .debug_frame   0x00000094       0x24 main.o
 .debug_frame   0x000000b8       0xa4 MCAL/dio/dio_program.o
 .debug_frame   0x0000015c      0x14c MCAL/exi/exi_program.o
 .debug_frame   0x000002a8       0x34 MCAL/gli/gli_program.o
 .debug_frame   0x000002dc      0x164 MCAL/tmr0/tmr0_interface.o
 .debug_frame   0x00000440      0x130 MCAL/tmr2/tmr2_interface.o

.debug_str      0x00000000      0x97e
 *(.debug_str)
 .debug_str     0x00000000      0x196 C:/Program Files (x86)/Atmel/Studio/7.0/Packs/Atmel/ATmega_DFP/2.0.401/gcc/dev/atmega32a/avr5/crtatmega32a.o
 .debug_str     0x00000196      0x2b2 APP/app_program.o
                                0x2d9 (size before relaxing)
 .debug_str     0x00000448       0xc4 HAL/dcm/dcm_program.o
                                0x351 (size before relaxing)
 .debug_str     0x0000050c       0x11 main.o
                                0x216 (size before relaxing)
 .debug_str     0x0000051d      0x169 MCAL/dio/dio_program.o
                                0x387 (size before relaxing)
 .debug_str     0x00000686       0xbf MCAL/exi/exi_program.o
                                0x2b9 (size before relaxing)
 .debug_str     0x00000745       0x29 MCAL/gli/gli_program.o
                                0x218 (size before relaxing)
 .debug_str     0x0000076e      0x147 MCAL/tmr0/tmr0_interface.o
                                0x349 (size before relaxing)
 .debug_str     0x000008b5       0xc9 MCAL/tmr2/tmr2_interface.o
                                0x358 (size before relaxing)

.debug_loc      0x00000000     0x18cb
 *(.debug_loc)
 .debug_loc     0x00000000      0x26b HAL/dcm/dcm_program.o
 .debug_loc     0x0000026b      0x494 MCAL/dio/dio_program.o
 .debug_loc     0x000006ff      0x3e3 MCAL/exi/exi_program.o
 .debug_loc     0x00000ae2      0x65e MCAL/tmr0/tmr0_interface.o
 .debug_loc     0x00001140      0x78b MCAL/tmr2/tmr2_interface.o

.debug_macinfo
 *(.debug_macinfo)

.debug_weaknames
 *(.debug_weaknames)

.debug_funcnames
 *(.debug_funcnames)

.debug_typenames
 *(.debug_typenames)

.debug_varnames
 *(.debug_varnames)

.debug_pubtypes
 *(.debug_pubtypes)

.debug_ranges   0x00000000      0x168
 *(.debug_ranges)
 .debug_ranges  0x00000000       0x18 APP/app_program.o
 .debug_ranges  0x00000018       0x18 HAL/dcm/dcm_program.o
 .debug_ranges  0x00000030       0x10 main.o
 .debug_ranges  0x00000040       0x50 MCAL/dio/dio_program.o
 .debug_ranges  0x00000090       0x38 MCAL/exi/exi_program.o
 .debug_ranges  0x000000c8       0x18 MCAL/gli/gli_program.o
 .debug_ranges  0x000000e0       0x50 MCAL/tmr0/tmr0_interface.o
 .debug_ranges  0x00000130       0x38 MCAL/tmr2/tmr2_interface.o

.debug_macro
 *(.debug_macro)
OUTPUT(Obstacle Avoidance Car.elf elf32-avr)
LOAD linker stubs
